   Compiling serde_core v1.0.228
   Compiling crossbeam-utils v0.8.21
   Compiling futures-sink v0.3.32
   Compiling form_urlencoded v1.2.2
   Compiling tracing-core v0.1.36
   Compiling rand v0.8.6
   Compiling concurrent-queue v2.5.0
   Compiling log v0.4.33
   Compiling futures-util v0.3.32
   Compiling tracing v0.1.44
   Compiling event-listener v5.4.1
   Compiling crossbeam-queue v0.3.12
   Compiling rustls v0.23.41
   Compiling futures-channel v0.3.32
   Compiling byteorder v1.5.0
   Compiling spin v0.9.8
   Compiling lazy_static v1.5.0
   Compiling serde v1.0.228
   Compiling smallvec v1.15.2
   Compiling parking_lot_core v0.9.12
   Compiling parking_lot v0.12.5
   Compiling icu_normalizer v2.2.0
   Compiling idna_adapter v1.2.2
   Compiling serde_json v1.0.150
   Compiling idna v1.1.0
   Compiling url v2.5.8
   Compiling futures-intrusive v0.5.0
   Compiling either v1.16.0
   Compiling tokio v1.52.3
   Compiling sqlx-core v0.8.6
   Compiling chrono v0.4.45
   Compiling uuid v1.23.3
   Compiling sqlx-postgres v0.8.6
   Compiling serde_spanned v0.6.9
   Compiling toml_datetime v0.6.11
   Compiling num-bigint v0.4.6
   Compiling toml_edit v0.22.27
   Compiling tokio-stream v0.1.18
   Compiling sqlx-macros-core v0.8.6
   Compiling simple_asn1 v0.6.4
   Compiling num-bigint-dig v0.8.6
   Compiling jsonwebtoken v9.3.1
   Compiling sqlx-macros v0.8.6
   Compiling rsa v0.9.10
   Compiling toml v0.8.23
   Compiling tavern-core v0.1.0 (/home/runner/work/realmforge/realmforge/third_party/gate-upstream/source/crates/tavern-core)
   Compiling sqlx v0.8.6
   Compiling tavern-db v0.1.0 (/home/runner/work/realmforge/realmforge/third_party/gate-upstream/source/crates/tavern-db)
    Finished `test` profile [unoptimized + debuginfo] target(s) in 18.42s
     Running unittests src/lib.rs (target/debug/deps/tavern_db-e16a35e90116e8fd)

running 1 test
test tests::migrations_apply_and_round_trip ... ok

test result: ok. 1 passed; 0 failed; 0 ignored; 0 measured; 7 filtered out; finished in 0.09s

